
--- Script parsing start ---

  [  1] CBC_PUSH_IDENT ident-'next_statement'-id:0
  [  0] CBC_POP_BLOCK
  [  1] CBC_PUSH_IDENT ident-'b'-id:1
  [  1] CBC_PROP_STRING_GET string-'c'-id:2
  [  0] CBC_EXT_FOR_IN_CREATE_CONTEXT
  [  1] CBC_EXT_FOR_IN_GET_NEXT
  [  0] CBC_ASSIGN_IDENT ident-'a'-id:3
  [  0] CBC_EXT_BRANCH_IF_FOR_IN_HAS_NEXT
  [  1] CBC_PUSH_IDENT ident-'next_statement'-id:0
  [  0] CBC_POP_BLOCK
  [  1] CBC_PUSH_IDENT ident-'bb'-id:4
  [  0] CBC_EXT_FOR_IN_CREATE_CONTEXT
  [  1] CBC_PUSH_IDENT ident-'a'-id:3
  [  2] CBC_EXT_FOR_IN_GET_NEXT
  [  0] CBC_ASSIGN_PROP_STRING string-'i'-id:5
  [  1] CBC_PUSH_IDENT ident-'cc'-id:6
  [  0] CBC_EXT_FOR_IN_CREATE_CONTEXT
  [  1] CBC_PUSH_IDENT ident-'b'-id:1
  [  2] CBC_EXT_FOR_IN_GET_NEXT
  [  0] CBC_ASSIGN_PROP_STRING string-'i'-id:5
  [  1] CBC_POST_INCR_IDENT_PUSH_RESULT ident-'x'-id:7
  [  0] CBC_POP_BLOCK
  [  0] CBC_EXT_BRANCH_IF_FOR_IN_HAS_NEXT
  [  0] CBC_EXT_BRANCH_IF_FOR_IN_HAS_NEXT
  [  1] CBC_PUSH_IDENT ident-'next_statement'-id:0
  [  0] CBC_POP_BLOCK
  [  1] CBC_PUSH_IDENT ident-'c'-id:8
  [  2] CBC_PUSH_IDENT ident-'x'-id:7
  [  1] CBC_PROP_GET
  [  0] CBC_EXT_FOR_IN_CREATE_CONTEXT
  [  1] CBC_PUSH_LITERAL string-'x'-id:9
  [  2] CBC_EXT_PUSH_UNDEFINED_BASE
  [  3] CBC_EXT_FOR_IN_GET_NEXT
  [  0] CBC_ASSIGN
  [  1] CBC_CALL_IDENT_PUSH_RESULT ident-'d'-id:10 byte_arg:0
  [  0] CBC_POP_BLOCK
  [  1] CBC_PUSH_IDENT ident-'bb'-id:4
  [  0] CBC_EXT_FOR_IN_CREATE_CONTEXT
  [  1] CBC_PUSH_IDENT ident-'d'-id:10
  [  2] CBC_PUSH_IDENT ident-'y'-id:11
  [  3] CBC_EXT_FOR_IN_GET_NEXT
  [  0] CBC_ASSIGN
  [  0] CBC_EXT_BRANCH_IF_FOR_IN_HAS_NEXT
  [  1] CBC_CALL_IDENT_PUSH_RESULT ident-'d'-id:10 byte_arg:0
  [  0] CBC_POP_BLOCK
  [  0] CBC_EXT_BRANCH_IF_FOR_IN_HAS_NEXT
  [  1] CBC_PUSH_IDENT ident-'next_statement'-id:0
  [  0] CBC_POP_BLOCK
  [  1] CBC_PUSH_LITERAL string-'b'-id:12
  [  0] CBC_EXT_FOR_IN_CREATE_CONTEXT
  [  1] CBC_EXT_FOR_IN_GET_NEXT
  [  0] CBC_ASSIGN_IDENT ident-'a'-id:3
  [  1] CBC_PUSH_IDENT ident-'d'-id:10
  [  0] CBC_EXT_FOR_IN_CREATE_CONTEXT
  [  1] CBC_EXT_FOR_IN_GET_NEXT
  [  0] CBC_ASSIGN_IDENT ident-'c'-id:8
  [  1] CBC_CALL_IDENT_PUSH_RESULT ident-'x'-id:7 byte_arg:0
  [  0] CBC_POP_BLOCK
  [  0] CBC_JUMP_FORWARD
  [  1] CBC_CALL_IDENT_PUSH_RESULT ident-'x'-id:7 byte_arg:0
  [  0] CBC_POP_BLOCK
  [  0] CBC_JUMP_FORWARD
  [  1] CBC_CALL_IDENT_PUSH_RESULT ident-'x'-id:7 byte_arg:0
  [  0] CBC_POP_BLOCK
  [  0] CBC_JUMP_FORWARD
  [  1] CBC_CALL_IDENT_PUSH_RESULT ident-'x'-id:7 byte_arg:0
  [  0] CBC_POP_BLOCK
  [  0] CBC_EXT_BRANCH_IF_FOR_IN_HAS_NEXT
  [  1] CBC_CALL_IDENT_PUSH_RESULT ident-'x'-id:7 byte_arg:0
  [  0] CBC_POP_BLOCK
  [  0] CBC_JUMP_FORWARD
  [  1] CBC_CALL_IDENT_PUSH_RESULT ident-'x'-id:7 byte_arg:0
  [  0] CBC_POP_BLOCK
  [  0] CBC_JUMP_FORWARD
  [  1] CBC_CALL_IDENT_PUSH_RESULT ident-'x'-id:7 byte_arg:0
  [  0] CBC_POP_BLOCK
  [  0] CBC_EXT_BRANCH_IF_FOR_IN_HAS_NEXT
  [  1] CBC_PUSH_IDENT ident-'next_statement'-id:0
  [  0] CBC_POP_BLOCK
  [  1] CBC_PUSH_LITERAL string-'z'-id:13
  [  0] CBC_EXT_FOR_IN_CREATE_CONTEXT
  [  1] CBC_EXT_FOR_IN_GET_NEXT
  [  0] CBC_ASSIGN_IDENT var_ident-'var_a'-id:14
  [  1] CBC_PUSH_LITERAL string-'z'-id:13
  [  0] CBC_EXT_FOR_IN_CREATE_CONTEXT
  [  0] CBC_JUMP_FORWARD
  [  1] CBC_MULTIPLY_TWO_LITERALS ident-'x'-id:7 string-'y'-id:15
  [  0] CBC_POP
  [  1] CBC_EXT_FOR_IN_GET_NEXT
  [  0] CBC_ASSIGN_IDENT var_ident-'a'-id:3
  [  1] CBC_POST_INCR_IDENT_PUSH_RESULT ident-'x'-id:7
  [  0] CBC_POP_BLOCK
  [  0] CBC_EXT_BRANCH_IF_FOR_IN_HAS_NEXT
  [  0] CBC_EXT_BRANCH_IF_FOR_IN_HAS_NEXT
  [  1] CBC_PUSH_IDENT ident-'next_statement'-id:0
  [  0] CBC_POP_BLOCK
  [  1] CBC_PUSH_LITERAL string-'z'-id:13
  [  0] CBC_EXT_FOR_IN_CREATE_CONTEXT
  [  1] CBC_EXT_FOR_IN_GET_NEXT
  [  0] CBC_ASSIGN_IDENT var_ident-'var_a'-id:14
  [  1] CBC_PUSH_LITERAL string-'z'-id:13
  [  0] CBC_EXT_FOR_IN_CREATE_CONTEXT
  [  0] CBC_JUMP_FORWARD
  [  1] CBC_MULTIPLY_TWO_LITERALS ident-'x'-id:7 string-'y'-id:15
  [  0] CBC_POP
  [  1] CBC_EXT_FOR_IN_GET_NEXT
  [  0] CBC_ASSIGN_IDENT var_ident-'a'-id:3
  [  1] CBC_POST_INCR_IDENT_PUSH_RESULT ident-'x'-id:7
  [  0] CBC_POP_BLOCK
  [  0] CBC_EXT_BRANCH_IF_FOR_IN_HAS_NEXT
  [  0] CBC_EXT_BRANCH_IF_FOR_IN_HAS_NEXT

Final byte code dump:

  Maximum stack depth: 5
  Literal encoding: small
  Number of arguments: 0
  Number of registers: 2
  Number of other literals: 14

   0 : CBC_PUSH_IDENT ident-'next_statement'-lit[0]
   2 : CBC_POP_BLOCK
   3 : CBC_PUSH_IDENT ident-'b'-lit[1]
   5 : CBC_PROP_STRING_GET string-'c'-lit[8]
   7 : CBC_EXT_FOR_IN_CREATE_CONTEXT offset:10(->17)
  10 : CBC_EXT_FOR_IN_GET_NEXT
  12 : CBC_ASSIGN_IDENT var_ident-'a'-reg[0]
  14 : CBC_EXT_BRANCH_IF_FOR_IN_HAS_NEXT offset:4(->10)
  17 : CBC_PUSH_IDENT ident-'next_statement'-lit[0]
  19 : CBC_POP_BLOCK
  20 : CBC_PUSH_IDENT ident-'bb'-lit[2]
  22 : CBC_EXT_FOR_IN_CREATE_CONTEXT offset:29(->51)
  25 : CBC_PUSH_IDENT var_ident-'a'-reg[0]
  27 : CBC_EXT_FOR_IN_GET_NEXT
  29 : CBC_ASSIGN_PROP_STRING string-'i'-lit[9]
  31 : CBC_PUSH_IDENT ident-'cc'-lit[3]
  33 : CBC_EXT_FOR_IN_CREATE_CONTEXT offset:15(->48)
  36 : CBC_PUSH_IDENT ident-'b'-lit[1]
  38 : CBC_EXT_FOR_IN_GET_NEXT
  40 : CBC_ASSIGN_PROP_STRING string-'i'-lit[9]
  42 : CBC_POST_INCR_IDENT_PUSH_RESULT ident-'x'-lit[4]
  44 : CBC_POP_BLOCK
  45 : CBC_EXT_BRANCH_IF_FOR_IN_HAS_NEXT offset:9(->36)
  48 : CBC_EXT_BRANCH_IF_FOR_IN_HAS_NEXT offset:23(->25)
  51 : CBC_PUSH_IDENT ident-'next_statement'-lit[0]
  53 : CBC_POP_BLOCK
  54 : CBC_PUSH_IDENT ident-'c'-lit[5]
  56 : CBC_PUSH_IDENT ident-'x'-lit[4]
  58 : CBC_PROP_GET
  59 : CBC_EXT_FOR_IN_CREATE_CONTEXT offset:36(->95)
  62 : CBC_PUSH_LITERAL string-'x'-lit[10]
  64 : CBC_EXT_PUSH_UNDEFINED_BASE
  66 : CBC_EXT_FOR_IN_GET_NEXT
  68 : CBC_ASSIGN
  69 : CBC_CALL_IDENT_PUSH_RESULT byte_arg:0 ident-'d'-lit[6]
  72 : CBC_POP_BLOCK
  73 : CBC_PUSH_IDENT ident-'bb'-lit[2]
  75 : CBC_EXT_FOR_IN_CREATE_CONTEXT offset:13(->88)
  78 : CBC_PUSH_IDENT ident-'d'-lit[6]
  80 : CBC_PUSH_IDENT ident-'y'-lit[7]
  82 : CBC_EXT_FOR_IN_GET_NEXT
  84 : CBC_ASSIGN
  85 : CBC_EXT_BRANCH_IF_FOR_IN_HAS_NEXT offset:7(->78)
  88 : CBC_CALL_IDENT_PUSH_RESULT byte_arg:0 ident-'d'-lit[6]
  91 : CBC_POP_BLOCK
  92 : CBC_EXT_BRANCH_IF_FOR_IN_HAS_NEXT offset:30(->62)
  95 : CBC_PUSH_IDENT ident-'next_statement'-lit[0]
  97 : CBC_POP_BLOCK
  98 : CBC_PUSH_LITERAL string-'b'-lit[11]
 100 : CBC_EXT_FOR_IN_CREATE_CONTEXT offset:60(->160)
 103 : CBC_EXT_FOR_IN_GET_NEXT
 105 : CBC_ASSIGN_IDENT var_ident-'a'-reg[0]
 107 : CBC_PUSH_IDENT ident-'d'-lit[6]
 109 : CBC_EXT_FOR_IN_CREATE_CONTEXT offset:32(->141)
 112 : CBC_EXT_FOR_IN_GET_NEXT
 114 : CBC_ASSIGN_IDENT ident-'c'-lit[5]
 116 : CBC_CALL_IDENT_PUSH_RESULT byte_arg:0 ident-'x'-lit[4]
 119 : CBC_POP_BLOCK
 120 : CBC_JUMP_FORWARD offset:18(->138)
 122 : CBC_CALL_IDENT_PUSH_RESULT byte_arg:0 ident-'x'-lit[4]
 125 : CBC_POP_BLOCK
 126 : CBC_JUMP_FORWARD offset:15(->141)
 128 : CBC_CALL_IDENT_PUSH_RESULT byte_arg:0 ident-'x'-lit[4]
 131 : CBC_POP_BLOCK
 132 : CBC_JUMP_FORWARD offset:28(->160)
 134 : CBC_CALL_IDENT_PUSH_RESULT byte_arg:0 ident-'x'-lit[4]
 137 : CBC_POP_BLOCK
 138 : CBC_EXT_BRANCH_IF_FOR_IN_HAS_NEXT offset:26(->112)
 141 : CBC_CALL_IDENT_PUSH_RESULT byte_arg:0 ident-'x'-lit[4]
 144 : CBC_POP_BLOCK
 145 : CBC_JUMP_FORWARD offset:12(->157)
 147 : CBC_CALL_IDENT_PUSH_RESULT byte_arg:0 ident-'x'-lit[4]
 150 : CBC_POP_BLOCK
 151 : CBC_JUMP_FORWARD offset:9(->160)
 153 : CBC_CALL_IDENT_PUSH_RESULT byte_arg:0 ident-'x'-lit[4]
 156 : CBC_POP_BLOCK
 157 : CBC_EXT_BRANCH_IF_FOR_IN_HAS_NEXT offset:54(->103)
 160 : CBC_PUSH_IDENT ident-'next_statement'-lit[0]
 162 : CBC_POP_BLOCK
 163 : CBC_PUSH_LITERAL string-'z'-lit[12]
 165 : CBC_EXT_FOR_IN_CREATE_CONTEXT offset:31(->196)
 168 : CBC_EXT_FOR_IN_GET_NEXT
 170 : CBC_ASSIGN_IDENT var_ident-'var_a'-reg[1]
 172 : CBC_PUSH_LITERAL string-'z'-lit[12]
 174 : CBC_EXT_FOR_IN_CREATE_CONTEXT offset:19(->193)
 177 : CBC_JUMP_FORWARD offset:6(->183)
 179 : CBC_MULTIPLY_TWO_LITERALS ident-'x'-lit[4] string-'y'-lit[13]
 182 : CBC_POP
 183 : CBC_EXT_FOR_IN_GET_NEXT
 185 : CBC_ASSIGN_IDENT var_ident-'a'-reg[0]
 187 : CBC_POST_INCR_IDENT_PUSH_RESULT ident-'x'-lit[4]
 189 : CBC_POP_BLOCK
 190 : CBC_EXT_BRANCH_IF_FOR_IN_HAS_NEXT offset:13(->177)
 193 : CBC_EXT_BRANCH_IF_FOR_IN_HAS_NEXT offset:25(->168)
 196 : CBC_PUSH_IDENT ident-'next_statement'-lit[0]
 198 : CBC_POP_BLOCK
 199 : CBC_PUSH_LITERAL string-'z'-lit[12]
 201 : CBC_EXT_FOR_IN_CREATE_CONTEXT offset:31(->232)
 204 : CBC_EXT_FOR_IN_GET_NEXT
 206 : CBC_ASSIGN_IDENT var_ident-'var_a'-reg[1]
 208 : CBC_PUSH_LITERAL string-'z'-lit[12]
 210 : CBC_EXT_FOR_IN_CREATE_CONTEXT offset:19(->229)
 213 : CBC_JUMP_FORWARD offset:6(->219)
 215 : CBC_MULTIPLY_TWO_LITERALS ident-'x'-lit[4] string-'y'-lit[13]
 218 : CBC_POP
 219 : CBC_EXT_FOR_IN_GET_NEXT
 221 : CBC_ASSIGN_IDENT var_ident-'a'-reg[0]
 223 : CBC_POST_INCR_IDENT_PUSH_RESULT ident-'x'-lit[4]
 225 : CBC_POP_BLOCK
 226 : CBC_EXT_BRANCH_IF_FOR_IN_HAS_NEXT offset:13(->213)
 229 : CBC_EXT_BRANCH_IF_FOR_IN_HAS_NEXT offset:25(->204)
 232 : CBC_RETURN_WITH_UNDEFINED

Parse successfully completed. Total byte code size: 233 bytes

--- Script parsing end ---

