
--- Script parsing start ---

  Note: switch to strict mode


--- Function parsing start ---

Parse error 'With statement is not allowed in strict mode.' at line: 6 col: 3

--- Script parsing end ---

