
--- Script parsing start ---


--- Function parsing start ---

  Note: legacy (non-strict) argument definition

  Note: switch to strict mode

Parse error 'Non strict argument definition.' at line: 7 col: 1

--- Script parsing end ---

