
--- Script parsing start ---

  Note: switch to strict mode

Parse error 'Eval or arguments cannot be assigned in strict mode.' at line: 5 col: 10

--- Script parsing end ---

