
--- Script parsing start ---

  Note: switch to strict mode

Parse error 'Arguments is not allowed here in strict mode.' at line: 5 col: 5

--- Script parsing end ---

