
--- Script parsing start ---

Parse error 'Identifier name is reserved in strict mode.' at line: 5 col: 1

--- Script parsing end ---

