
--- Script parsing start ---

  Note: switch to strict mode

Parse error 'With statement is not allowed in strict mode.' at line: 5 col: 1

--- Script parsing end ---

