
--- Script parsing start ---

  [  0] CBC_EXT_DEBUGGER
Parse error 'Expected ';' token.' at line: 3 col: 10

--- Script parsing end ---

