
--- Script parsing start ---

Parse error 'Duplicated label.' at line: 1 col: 33

--- Script parsing end ---

