
--- Script parsing start ---

  [  1] CBC_EXT_CREATE_OBJECT

--- Function parsing start ---

Parse error 'Property setters must have one argument.' at line: 3 col: 21

--- Script parsing end ---

