
--- Script parsing start ---

  [  1] CBC_EXT_CREATE_OBJECT

--- Function parsing start ---

Parse error 'Property getters must have no arguments.' at line: 3 col: 24

--- Script parsing end ---

