
--- Script parsing start ---

Parse error 'Return statement is not within a function.' at line: 3 col: 1

--- Script parsing end ---

