
--- Script parsing start ---

Parse error 'Primary expression expected after throw.' at line: 4 col: 1

--- Script parsing end ---

